// Jest Snapshot v1, https://goo.gl/fbAQLP

exports[`Feed Page Renders correctly 1`] = `
<Provider
  store={
    Object {
      "dispatch": [Function],
      "getState": [Function],
      "replaceReducer": [Function],
      "subscribe": [Function],
      Symbol(observable): [Function],
    }
  }
>
  <Feed>
    <div />
  </Feed>
</Provider>
`;
